\BOOKMARK [0][-]{chapter*.2}{\376\377\000L\000E\000M\000B\000A\000R\000\040\000P\000E\000N\000G\000E\000S\000A\000H\000A\000N}{}% 1
\BOOKMARK [0][-]{chapter*.3}{\376\377\000P\000E\000R\000N\000Y\000A\000T\000A\000A\000N\000\040\000O\000R\000I\000S\000I\000N\000A\000L\000I\000T\000A\000S}{}% 2
\BOOKMARK [0][-]{chapter*.4}{\376\377\000P\000E\000R\000N\000Y\000A\000T\000A\000A\000N\000\040\000P\000E\000N\000G\000G\000U\000N\000A\000A\000N\000\040\000A\000I}{}% 3
\BOOKMARK [0][-]{chapter*.6}{\376\377\000A\000B\000S\000T\000R\000A\000K}{}% 4
\BOOKMARK [0][-]{chapter*.7}{\376\377\000K\000A\000T\000A\000\040\000P\000E\000N\000G\000A\000N\000T\000A\000R}{}% 5
\BOOKMARK [0][-]{section*.8}{\376\377\000D\000A\000F\000T\000A\000R\000\040\000I\000S\000I}{}% 6
\BOOKMARK [0][-]{section*.9}{\376\377\000D\000A\000F\000T\000A\000R\000\040\000G\000A\000M\000B\000A\000R}{}% 7
\BOOKMARK [0][-]{section*.10}{\376\377\000D\000A\000F\000T\000A\000R\000\040\000T\000A\000B\000E\000L}{}% 8
\BOOKMARK [0][-]{chapter*.11}{\376\377\000D\000A\000F\000T\000A\000R\000\040\000P\000E\000R\000S\000A\000M\000A\000A\000N}{}% 9
\BOOKMARK [0][-]{chapter*.12}{\376\377\000D\000A\000F\000T\000A\000R\000\040\000A\000L\000G\000O\000R\000I\000T\000M\000A}{}% 10
\BOOKMARK [0][-]{chapter*.13}{\376\377\000D\000A\000F\000T\000A\000R\000\040\000L\000I\000S\000T\000I\000N\000G}{}% 11
\BOOKMARK [0][-]{chapter*.13}{\376\377\000D\000A\000F\000T\000A\000R\000\040\000S\000I\000M\000B\000O\000L}{}% 12
\BOOKMARK [0][-]{table.0.1}{\376\377\000D\000A\000F\000T\000A\000R\000\040\000S\000I\000N\000G\000K\000A\000T\000A\000N}{}% 13
\BOOKMARK [0][-]{chapter.1}{\376\377\000P\000E\000N\000D\000A\000H\000U\000L\000U\000A\000N}{}% 14
\BOOKMARK [1][-]{section.1.1}{\376\377\000L\000a\000t\000a\000r\000\040\000B\000e\000l\000a\000k\000a\000n\000g}{chapter.1}% 15
\BOOKMARK [1][-]{section.1.2}{\376\377\000R\000u\000m\000u\000s\000a\000n\000\040\000M\000a\000s\000a\000l\000a\000h}{chapter.1}% 16
\BOOKMARK [1][-]{section.1.3}{\376\377\000T\000u\000j\000u\000a\000n}{chapter.1}% 17
\BOOKMARK [1][-]{section.1.4}{\376\377\000B\000a\000t\000a\000s\000a\000n\000\040\000M\000a\000s\000a\000l\000a\000h}{chapter.1}% 18
\BOOKMARK [1][-]{section.1.5}{\376\377\000M\000e\000t\000o\000d\000o\000l\000o\000g\000i}{chapter.1}% 19
\BOOKMARK [1][-]{section.1.6}{\376\377\000S\000i\000s\000t\000e\000m\000a\000t\000i\000k\000a\000\040\000P\000e\000n\000u\000l\000i\000s\000a\000n}{chapter.1}% 20
\BOOKMARK [0][-]{chapter.2}{\376\377\000S\000T\000U\000D\000I\000\040\000L\000I\000T\000E\000R\000A\000T\000U\000R}{}% 21
\BOOKMARK [1][-]{section.2.1}{\376\377\000O\000l\000a\000h\000r\000a\000g\000a\000\040\000L\000a\000r\000i\000\040\000U\000l\000t\000r\000a\000-\000m\000a\000r\000a\000t\000h\000o\000n}{chapter.2}% 22
\BOOKMARK [1][-]{section.2.2}{\376\377\000I\000T\000B\000\040\000U\000l\000t\000r\000a\000-\000M\000a\000r\000a\000t\000h\000o\000n}{chapter.2}% 23
\BOOKMARK [1][-]{section.2.3}{\376\377\000S\000i\000s\000t\000e\000m\000\040\000t\000r\000a\000c\000k\000e\000r\000\040\000d\000a\000l\000a\000m\000\040\000P\000e\000r\000l\000o\000m\000b\000a\000a\000n\000\040\000L\000a\000r\000i\000\040\000J\000a\000r\000a\000k\000\040\000J\000a\000u\000h}{chapter.2}% 24
\BOOKMARK [2][-]{subsection.2.3.1}{\376\377\000T\000i\000m\000i\000n\000g\000\040\000C\000h\000i\000p}{section.2.3}% 25
\BOOKMARK [1][-]{section.2.4}{\376\377\000K\000o\000n\000s\000e\000p\000\040\000D\000a\000s\000a\000r\000\040\000F\000r\000o\000n\000t\000-\000E\000n\000d\000\040\000D\000e\000v\000e\000l\000o\000p\000m\000e\000n\000t}{chapter.2}% 26
\BOOKMARK [2][-]{subsection.2.4.1}{\376\377\000G\000e\000o\000g\000r\000a\000p\000h\000i\000c\000\040\000I\000n\000f\000o\000r\000m\000a\000t\000i\000o\000n\000\040\000S\000y\000s\000t\000e\000m\000\040\000\050\000G\000I\000S\000\051\000\040\000d\000a\000n\000\040\000V\000i\000s\000u\000a\000l\000i\000s\000a\000s\000i\000\040\000P\000e\000t\000a}{section.2.4}% 27
\BOOKMARK [2][-]{subsection.2.4.2}{\376\377\000U\000s\000e\000r\000\040\000I\000n\000t\000e\000r\000f\000a\000c\000e\000\040\000\050\000U\000I\000\051\000\040\000d\000a\000n\000\040\000U\000s\000e\000r\000\040\000E\000x\000p\000e\000r\000i\000e\000n\000c\000e\000\040\000\050\000U\000X\000\051}{section.2.4}% 28
\BOOKMARK [2][-]{subsection.2.4.3}{\376\377\000U\000s\000e\000r\000-\000C\000e\000n\000t\000e\000r\000e\000d\000\040\000D\000e\000s\000i\000g\000n}{section.2.4}% 29
\BOOKMARK [2][-]{subsection.2.4.4}{\376\377\000U\000s\000e\000r\000\040\000F\000l\000o\000w}{section.2.4}% 30
\BOOKMARK [2][-]{subsection.2.4.5}{\376\377\000R\000e\000s\000p\000o\000n\000s\000i\000v\000e\000\040\000D\000e\000s\000i\000g\000n}{section.2.4}% 31
\BOOKMARK [2][-]{subsection.2.4.6}{\376\377\000S\000t\000a\000t\000e\000\040\000M\000a\000n\000a\000g\000e\000m\000e\000n\000t\000\040\000d\000a\000l\000a\000m\000\040\000A\000p\000l\000i\000k\000a\000s\000i\000\040\000F\000r\000o\000n\000t\000-\000E\000n\000d}{section.2.4}% 32
\BOOKMARK [2][-]{subsection.2.4.7}{\376\377\000T\000e\000k\000n\000o\000l\000o\000g\000i\000\040\000I\000n\000t\000e\000g\000r\000a\000s\000i\000\040\000D\000a\000t\000a}{section.2.4}% 33
\BOOKMARK [2][-]{subsection.2.4.8}{\376\377\000C\000r\000o\000s\000s\000-\000P\000l\000a\000t\000f\000o\000r\000m\000\040\000M\000o\000b\000i\000l\000e\000\040\000D\000e\000v\000e\000l\000o\000p\000m\000e\000n\000t}{section.2.4}% 34
\BOOKMARK [1][-]{section.2.5}{\376\377\000P\000e\000n\000e\000l\000i\000t\000i\000a\000n\000\040\000T\000e\000r\000d\000a\000h\000u\000l\000u}{chapter.2}% 35
\BOOKMARK [0][-]{chapter.3}{\376\377\000A\000N\000A\000L\000I\000S\000I\000S\000\040\000M\000A\000S\000A\000L\000A\000H}{}% 36
\BOOKMARK [1][-]{section.3.1}{\376\377\000A\000n\000a\000l\000i\000s\000i\000s\000\040\000K\000o\000n\000d\000i\000s\000i\000\040\000S\000a\000a\000t\000\040\000I\000n\000i\000\040\000\050\000A\000s\000-\000I\000s\000\051}{chapter.3}% 37
\BOOKMARK [1][-]{section.3.2}{\376\377\000A\000n\000a\000l\000i\000s\000i\000s\000\040\000K\000o\000n\000d\000i\000s\000i\000\040\000I\000d\000e\000a\000l\000\040\000\050\000T\000o\000-\000B\000e\000\051}{chapter.3}% 38
\BOOKMARK [2][-]{subsection.3.2.1}{\376\377\000P\000r\000o\000s\000e\000s\000\040\000U\000t\000a\000m\000a\000\040\000P\000e\000n\000y\000e\000l\000e\000n\000g\000g\000a\000r\000a\000a\000n\000\040\000M\000a\000r\000a\000t\000h\000o\000n}{section.3.2}% 39
\BOOKMARK [2][-]{subsection.3.2.2}{\376\377\000P\000r\000o\000s\000e\000s\000\040\000P\000e\000n\000d\000u\000k\000u\000n\000g\000\040\000d\000a\000n\000\040\000A\000k\000s\000e\000s\000\040\000I\000n\000f\000o\000r\000m\000a\000s\000i\000\040\000P\000u\000b\000l\000i\000k}{section.3.2}% 40
\BOOKMARK [1][-]{section.3.3}{\376\377\000I\000d\000e\000n\000t\000i\000f\000i\000k\000a\000s\000i\000\040\000K\000e\000s\000e\000n\000j\000a\000n\000g\000a\000n\000\040\000d\000a\000n\000\040\000I\000m\000p\000l\000i\000k\000a\000s\000i\000\040\000t\000e\000r\000h\000a\000d\000a\000p\000\040\000F\000o\000k\000u\000s\000\040\000P\000e\000n\000e\000l\000i\000t\000i\000a\000n}{chapter.3}% 41
\BOOKMARK [1][-]{section.3.4}{\376\377\000A\000n\000a\000l\000i\000s\000i\000s\000\040\000K\000e\000b\000u\000t\000u\000h\000a\000n}{chapter.3}% 42
\BOOKMARK [2][-]{subsection.3.4.1}{\376\377\000I\000d\000e\000n\000t\000i\000f\000i\000k\000a\000s\000i\000\040\000M\000a\000s\000a\000l\000a\000h\000\040\000P\000e\000n\000g\000g\000u\000n\000a}{section.3.4}% 43
\BOOKMARK [2][-]{subsection.3.4.2}{\376\377\000K\000e\000b\000u\000t\000u\000h\000a\000n\000\040\000F\000u\000n\000g\000s\000i\000o\000n\000a\000l}{section.3.4}% 44
\BOOKMARK [2][-]{subsection.3.4.3}{\376\377\000K\000e\000b\000u\000t\000u\000h\000a\000n\000\040\000N\000o\000n\000f\000u\000n\000g\000s\000i\000o\000n\000a\000l}{section.3.4}% 45
\BOOKMARK [1][-]{section.3.5}{\376\377\000A\000n\000a\000l\000i\000s\000i\000s\000\040\000P\000e\000m\000i\000l\000i\000h\000a\000n\000\040\000S\000o\000l\000u\000s\000i}{chapter.3}% 46
\BOOKMARK [2][-]{subsection.3.5.1}{\376\377\000A\000l\000t\000e\000r\000n\000a\000t\000i\000f\000\040\000S\000o\000l\000u\000s\000i}{section.3.5}% 47
\BOOKMARK [3][-]{subsubsection.3.5.1.1}{\376\377\000A\000l\000t\000e\000r\000n\000a\000t\000i\000f\000\040\0001\000:\000\040\000O\000p\000t\000i\000m\000a\000l\000i\000s\000a\000s\000i\000\040\000S\000i\000s\000t\000e\000m\000\040\000T\000i\000m\000i\000n\000g\000\040\000C\000h\000i\000p\000\040\000R\000F\000I\000D\000\040\000y\000a\000n\000g\000\040\000A\000d\000a}{subsection.3.5.1}% 48
\BOOKMARK [3][-]{subsubsection.3.5.1.2}{\376\377\000A\000l\000t\000e\000r\000n\000a\000t\000i\000f\000\040\0002\000:\000\040\000A\000p\000l\000i\000k\000a\000s\000i\000\040\000M\000o\000b\000i\000l\000e\000\040\000C\000r\000o\000s\000s\000-\000P\000l\000a\000t\000f\000o\000r\000m}{subsection.3.5.1}% 49
\BOOKMARK [3][-]{subsubsection.3.5.1.3}{\376\377\000A\000l\000t\000e\000r\000n\000a\000t\000i\000f\000\040\0003\000:\000\040\000A\000p\000l\000i\000k\000a\000s\000i\000\040\000W\000e\000b\000\040\000B\000e\000r\000b\000a\000s\000i\000s\000\040\000B\000r\000o\000w\000s\000e\000r}{subsection.3.5.1}% 50
\BOOKMARK [3][-]{subsubsection.3.5.1.4}{\376\377\000A\000l\000t\000e\000r\000n\000a\000t\000i\000f\000\040\0004\000:\000\040\000A\000p\000l\000i\000k\000a\000s\000i\000\040\000H\000i\000b\000r\000i\000d\000a\000\040\000W\000e\000b\000\040\000d\000a\000n\000\040\000M\000o\000b\000i\000l\000e}{subsection.3.5.1}% 51
\BOOKMARK [2][-]{subsection.3.5.2}{\376\377\000A\000n\000a\000l\000i\000s\000i\000s\000\040\000P\000e\000n\000e\000n\000t\000u\000a\000n\000\040\000S\000o\000l\000u\000s\000i}{section.3.5}% 52
\BOOKMARK [3][-]{subsubsection.3.5.2.1}{\376\377\000P\000e\000n\000e\000t\000a\000p\000a\000n\000\040\000K\000r\000i\000t\000e\000r\000i\000a}{subsection.3.5.2}% 53
\BOOKMARK [3][-]{subsubsection.3.5.2.2}{\376\377\000P\000e\000r\000b\000a\000n\000d\000i\000n\000g\000a\000n\000\040\000B\000e\000r\000p\000a\000s\000a\000n\000g\000a\000n\000\040\000A\000n\000t\000a\000r\000\040\000K\000r\000i\000t\000e\000r\000i\000a}{subsection.3.5.2}% 54
\BOOKMARK [3][-]{subsubsection.3.5.2.3}{\376\377\000N\000o\000r\000m\000a\000l\000i\000s\000a\000s\000i\000\040\000M\000a\000t\000r\000i\000k\000s\000\040\000d\000a\000n\000\040\000P\000e\000r\000h\000i\000t\000u\000n\000g\000a\000n\000\040\000B\000o\000b\000o\000t}{subsection.3.5.2}% 55
\BOOKMARK [3][-]{subsubsection.3.5.2.4}{\376\377\000U\000j\000i\000\040\000K\000o\000n\000s\000i\000s\000t\000e\000n\000s\000i\000\040\000K\000r\000i\000t\000e\000r\000i\000a}{subsection.3.5.2}% 56
\BOOKMARK [3][-]{subsubsection.3.5.2.5}{\376\377\000P\000e\000r\000b\000a\000n\000d\000i\000n\000g\000a\000n\000\040\000B\000e\000r\000p\000a\000s\000a\000n\000g\000a\000n\000\040\000A\000n\000t\000a\000r\000\040\000A\000l\000t\000e\000r\000n\000a\000t\000i\000f}{subsection.3.5.2}% 57
\BOOKMARK [3][-]{subsubsection.3.5.2.6}{\376\377\000P\000e\000r\000h\000i\000t\000u\000n\000g\000a\000n\000\040\000S\000k\000o\000r\000\040\000A\000k\000h\000i\000r}{subsection.3.5.2}% 58
\BOOKMARK [3][-]{subsubsection.3.5.2.7}{\376\377\000H\000a\000s\000i\000l\000\040\000d\000a\000n\000\040\000K\000e\000p\000u\000t\000u\000s\000a\000n}{subsection.3.5.2}% 59
\BOOKMARK [0][-]{chapter.4}{\376\377\000P\000E\000R\000A\000N\000C\000A\000N\000G\000A\000N\000\040\000F\000R\000O\000N\000T\000-\000E\000N\000D\000\040\000A\000P\000L\000I\000K\000A\000S\000I\000\040\000I\000T\000B\000\040\000U\000L\000T\000R\000A\000-\000M\000A\000R\000A\000T\000H\000O\000N}{}% 60
\BOOKMARK [1][-]{section.4.1}{\376\377\000A\000r\000s\000i\000t\000e\000k\000t\000u\000r\000\040\000S\000i\000s\000t\000e\000m}{chapter.4}% 61
\BOOKMARK [2][-]{subsection.4.1.1}{\376\377\000A\000l\000u\000r\000\040\000A\000u\000t\000e\000n\000t\000i\000k\000a\000s\000i}{section.4.1}% 62
\BOOKMARK [2][-]{subsection.4.1.2}{\376\377\000A\000l\000u\000r\000\040\000N\000a\000v\000i\000g\000a\000s\000i\000\040\000U\000t\000a\000m\000a\000\040\000p\000e\000r\000\040\000P\000e\000r\000a\000n}{section.4.1}% 63
\BOOKMARK [1][-]{section.4.2}{\376\377\000P\000e\000m\000o\000d\000e\000l\000a\000n\000\040\000F\000u\000n\000g\000s\000i\000o\000n\000a\000l\000\040\000S\000i\000s\000t\000e\000m}{chapter.4}% 64
\BOOKMARK [1][-]{section.4.3}{\376\377\000R\000a\000n\000c\000a\000n\000g\000a\000n\000\040\000B\000e\000h\000a\000v\000i\000o\000r\000a\000l}{chapter.4}% 65
\BOOKMARK [2][-]{subsection.4.3.1}{\376\377\000S\000K\000-\0000\0001\000\040\000M\000e\000n\000g\000i\000r\000i\000m\000\040\000L\000o\000k\000a\000s\000i}{section.4.3}% 66
\BOOKMARK [2][-]{subsection.4.3.2}{\376\377\000S\000K\000-\0000\0002\000\040\000M\000e\000l\000i\000h\000a\000t\000\040\000E\000T\000D\000,\000\040\000E\000T\000A\000,\000\040\000d\000a\000n\000\040\000A\000c\000t\000i\000v\000i\000t\000y\000\040\000M\000e\000t\000r\000i\000c\000s}{section.4.3}% 67
\BOOKMARK [2][-]{subsection.4.3.3}{\376\377\000S\000K\000-\0000\0003\000\040\000M\000e\000n\000g\000i\000r\000i\000m\000\040\000N\000o\000t\000i\000f\000i\000k\000a\000s\000i\000\040\000D\000a\000r\000u\000r\000a\000t}{section.4.3}% 68
\BOOKMARK [2][-]{subsection.4.3.4}{\376\377\000S\000K\000-\0000\0004\000\040\000M\000e\000n\000g\000u\000b\000a\000h\000\040\000V\000i\000s\000i\000b\000i\000l\000i\000t\000a\000s}{section.4.3}% 69
\BOOKMARK [2][-]{subsection.4.3.5}{\376\377\000S\000K\000-\0000\0005\000\040\000M\000e\000l\000i\000h\000a\000t\000\040\000L\000i\000v\000e\000\040\000T\000r\000a\000c\000k\000i\000n\000g}{section.4.3}% 70
\BOOKMARK [2][-]{subsection.4.3.6}{\376\377\000S\000K\000-\0000\0006\000\040\000M\000e\000m\000b\000u\000a\000t\000\040\000T\000a\000u\000t\000a\000n\000\040\000U\000n\000d\000a\000n\000g\000a\000n}{section.4.3}% 71
\BOOKMARK [2][-]{subsection.4.3.7}{\376\377\000S\000K\000-\0000\0007\000\040\000M\000e\000n\000e\000r\000i\000m\000a\000\040\000N\000o\000t\000i\000f\000i\000k\000a\000s\000i\000\040\000D\000a\000r\000u\000r\000a\000t}{section.4.3}% 72
\BOOKMARK [2][-]{subsection.4.3.8}{\376\377\000S\000K\000-\0000\0008\000\040\000N\000a\000v\000i\000g\000a\000s\000i\000\040\000k\000e\000\040\000L\000o\000k\000a\000s\000i\000\040\000P\000e\000l\000a\000r\000i}{section.4.3}% 73
\BOOKMARK [1][-]{section.4.4}{\376\377\000R\000a\000n\000c\000a\000n\000g\000a\000n\000\040\000K\000o\000m\000p\000o\000n\000e\000n\000\040\000A\000n\000t\000a\000r\000m\000u\000k\000a\000\040\000L\000i\000n\000t\000a\000s\000\040\000L\000a\000y\000a\000r}{chapter.4}% 74
\BOOKMARK [2][-]{subsection.4.4.1}{\376\377\000K\000o\000m\000p\000o\000n\000e\000n\000\040\000P\000e\000t\000a\000\040\000I\000n\000t\000e\000r\000a\000k\000t\000i\000f}{section.4.4}% 75
\BOOKMARK [2][-]{subsection.4.4.2}{\376\377\000K\000o\000m\000p\000o\000n\000e\000n\000\040\000P\000a\000n\000e\000l\000\040\000I\000n\000f\000o\000r\000m\000a\000s\000i\000\040\000B\000a\000w\000a\000h\000\040\000\050\000B\000o\000t\000t\000o\000m\000\040\000S\000h\000e\000e\000t\000\051}{section.4.4}% 76
\BOOKMARK [2][-]{subsection.4.4.3}{\376\377\000K\000o\000m\000p\000o\000n\000e\000n\000\040\000N\000o\000t\000i\000f\000i\000k\000a\000s\000i\000\040\000D\000a\000r\000u\000r\000a\000t}{section.4.4}% 77
\BOOKMARK [2][-]{subsection.4.4.4}{\376\377\000K\000o\000m\000p\000o\000n\000e\000n\000\040\000C\000o\000u\000n\000t\000d\000o\000w\000n\000\040\000K\000o\000n\000f\000i\000r\000m\000a\000s\000i\000\040\000S\000O\000S}{section.4.4}% 78
\BOOKMARK [1][-]{section.4.5}{\376\377\000R\000a\000n\000c\000a\000n\000g\000a\000n\000\040\000A\000n\000t\000a\000r\000m\000u\000k\000a\000\040\000P\000e\000n\000g\000g\000u\000n\000a}{chapter.4}% 79
\BOOKMARK [2][-]{subsection.4.5.1}{\376\377\000H\000a\000l\000a\000m\000a\000n\000\040\000P\000e\000s\000e\000r\000t\000a}{section.4.5}% 80
\BOOKMARK [3][-]{subsubsection.4.5.1.1}{\376\377\000H\000a\000l\000a\000m\000a\000n\000\040\000U\000t\000a\000m\000a\000\040\000P\000e\000s\000e\000r\000t\000a}{subsection.4.5.1}% 81
\BOOKMARK [3][-]{subsubsection.4.5.1.2}{\376\377\000H\000a\000l\000a\000m\000a\000n\000\040\000M\000e\000n\000u\000\040\000P\000e\000s\000e\000r\000t\000a}{subsection.4.5.1}% 82
\BOOKMARK [3][-]{subsubsection.4.5.1.3}{\376\377\000H\000a\000l\000a\000m\000a\000n\000\040\000M\000a\000n\000a\000j\000e\000m\000e\000n\000\040\000P\000e\000s\000e\000r\000t\000a}{subsection.4.5.1}% 83
\BOOKMARK [2][-]{subsection.4.5.2}{\376\377\000H\000a\000l\000a\000m\000a\000n\000\040\000K\000e\000t\000u\000a\000\040\000T\000i\000m}{section.4.5}% 84
\BOOKMARK [3][-]{subsubsection.4.5.2.1}{\376\377\000H\000a\000l\000a\000m\000a\000n\000\040\000U\000t\000a\000m\000a\000\040\000K\000e\000t\000u\000a\000\040\000T\000i\000m}{subsection.4.5.2}% 85
\BOOKMARK [3][-]{subsubsection.4.5.2.2}{\376\377\000H\000a\000l\000a\000m\000a\000n\000\040\000M\000a\000n\000a\000j\000e\000m\000e\000n\000\040\000K\000e\000t\000u\000a\000\040\000T\000i\000m}{subsection.4.5.2}% 86
\BOOKMARK [2][-]{subsection.4.5.3}{\376\377\000H\000a\000l\000a\000m\000a\000n\000\040\000S\000u\000p\000p\000o\000r\000t\000e\000r}{section.4.5}% 87
\BOOKMARK [3][-]{subsubsection.4.5.3.1}{\376\377\000H\000a\000l\000a\000m\000a\000n\000\040\000U\000t\000a\000m\000a\000\040\000S\000u\000p\000p\000o\000r\000t\000e\000r}{subsection.4.5.3}% 88
\BOOKMARK [3][-]{subsubsection.4.5.3.2}{\376\377\000H\000a\000l\000a\000m\000a\000n\000\040\000M\000a\000n\000a\000j\000e\000m\000e\000n\000\040\000S\000u\000p\000p\000o\000r\000t\000e\000r}{subsection.4.5.3}% 89
\BOOKMARK [2][-]{subsection.4.5.4}{\376\377\000H\000a\000l\000a\000m\000a\000n\000\040\000P\000a\000n\000i\000t\000i\000a}{section.4.5}% 90
\BOOKMARK [3][-]{subsubsection.4.5.4.1}{\376\377\000H\000a\000l\000a\000m\000a\000n\000\040\000U\000t\000a\000m\000a\000\040\000P\000a\000n\000i\000t\000i\000a}{subsection.4.5.4}% 91
\BOOKMARK [3][-]{subsubsection.4.5.4.2}{\376\377\000H\000a\000l\000a\000m\000a\000n\000\040\000M\000a\000n\000a\000j\000e\000m\000e\000n\000\040\000P\000a\000n\000i\000t\000i\000a}{subsection.4.5.4}% 92
\BOOKMARK [2][-]{subsection.4.5.5}{\376\377\000H\000a\000l\000a\000m\000a\000n\000\040\000S\000p\000e\000c\000t\000a\000t\000o\000r}{section.4.5}% 93
\BOOKMARK [0][-]{chapter.5}{\376\377\000I\000M\000P\000L\000E\000M\000E\000N\000T\000A\000S\000I}{}% 94
\BOOKMARK [1][-]{section.5.1}{\376\377\000L\000i\000n\000g\000k\000u\000n\000g\000a\000n\000\040\000I\000m\000p\000l\000e\000m\000e\000n\000t\000a\000s\000i}{chapter.5}% 95
\BOOKMARK [1][-]{section.5.2}{\376\377\000I\000m\000p\000l\000e\000m\000e\000n\000t\000a\000s\000i\000\040\000F\000r\000o\000n\000t\000-\000E\000n\000d\000\040\000M\000o\000b\000i\000l\000e\000\040\000A\000p\000p\000l\000i\000c\000a\000t\000i\000o\000n\000\040}{chapter.5}% 96
\BOOKMARK [1][-]{section.5.3}{\376\377\000I\000m\000p\000l\000e\000m\000e\000n\000t\000a\000s\000i\000\040\000F\000r\000o\000n\000t\000-\000E\000n\000d\000\040\000W\000e\000b\000s\000i\000t\000e}{chapter.5}% 97
\BOOKMARK [0][-]{chapter.6}{\376\377\000E\000V\000A\000L\000U\000A\000S\000I}{}% 98
\BOOKMARK [1][-]{section.6.1}{\376\377\000F\000u\000n\000c\000t\000i\000o\000n\000a\000l\000i\000t\000y\000\040\000T\000e\000s\000t\000i\000n\000g}{chapter.6}% 99
\BOOKMARK [1][-]{section.6.2}{\376\377\000S\000y\000s\000t\000e\000m\000\040\000I\000n\000t\000e\000g\000r\000a\000t\000i\000o\000n\000\040\000T\000e\000s\000t\000i\000n\000g}{chapter.6}% 100
\BOOKMARK [1][-]{section.6.3}{\376\377\000U\000s\000e\000r\000\040\000A\000c\000c\000e\000p\000t\000a\000n\000c\000e\000\040\000T\000e\000s\000t\000i\000n\000g}{chapter.6}% 101
\BOOKMARK [0][-]{chapter.7}{\376\377\000P\000E\000N\000U\000T\000U\000P}{}% 102
\BOOKMARK [1][-]{section.7.1}{\376\377\000K\000e\000s\000i\000m\000p\000u\000l\000a\000n}{chapter.7}% 103
\BOOKMARK [1][-]{section.7.2}{\376\377\000S\000a\000r\000a\000n}{chapter.7}% 104
\BOOKMARK [0][-]{appendix.1.A}{\376\377\000L\000a\000m\000p\000i\000r\000a\000n\000\040\000K\000O\000D\000E\000\040\000P\000R\000O\000G\000R\000A\000M}{}% 105
\BOOKMARK [1][-]{section.1.A.1}{\376\377\000P\000e\000r\000a\000n\000g\000k\000a\000t\000\040\000L\000u\000n\000a\000k\000\040\000u\000n\000t\000u\000k\000\040\000A\000k\000u\000i\000s\000i\000s\000i\000\040\000D\000a\000t\000a\000\040\000d\000a\000r\000i\000\040\000S\000e\000n\000s\000o\000r\000\040\000U\000l\000t\000r\000a\000s\000o\000n\000i\000k}{appendix.1.A}% 106
\BOOKMARK [1][-]{section.1.A.2}{\376\377\000P\000e\000r\000a\000n\000g\000k\000a\000t\000\040\000L\000u\000n\000a\000k\000\040\000u\000n\000t\000u\000k\000\040\000P\000e\000n\000g\000o\000l\000a\000h\000a\000n\000\040\000D\000a\000t\000a\000\040\000A\000k\000u\000i\000s\000i\000s\000i\000\040\000d\000a\000n\000\040\000V\000i\000s\000u\000a\000l\000i\000s\000a\000s\000i\000\040\000H\000a\000s\000i\000l\000\040\000P\000e\000n\000g\000u\000k\000u\000r\000a\000n\000\040\000J\000a\000r\000a\000k}{appendix.1.A}% 107
\BOOKMARK [0][-]{appendix.1.B}{\376\377\000L\000a\000m\000p\000i\000r\000a\000n\000\040\000H\000A\000S\000I\000L\000\040\000S\000U\000R\000V\000E\000I\000\040\000L\000A\000P\000A\000N\000G\000A\000N}{}% 108
\BOOKMARK [1][-]{section.1.B.1}{\376\377\000F\000o\000t\000o\000\040\000S\000u\000r\000v\000e\000i\000\040\000L\000o\000k\000a\000s\000i\000\040\0001}{appendix.1.B}% 109
\BOOKMARK [1][-]{section.1.B.2}{\376\377\000F\000o\000t\000o\000\040\000S\000u\000r\000v\000e\000i\000\040\000L\000o\000k\000a\000s\000i\000\040\0002}{appendix.1.B}% 110
\BOOKMARK [1][-]{section.1.B.3}{\376\377\000T\000r\000a\000n\000s\000k\000r\000i\000p\000\040\000W\000a\000w\000a\000n\000c\000a\000r\000a\000\040\000d\000e\000n\000g\000a\000n\000\040\000N\000a\000r\000a\000s\000u\000m\000b\000e\000r}{appendix.1.B}% 111
